../Core/Src/main.c:76:6:HAL_TIM_PeriodElapsedCallback	16	static
../Core/Src/main.c:87:17:adc_read_channel	32	static
../Core/Src/main.c:101:7:get_temp	48	static
../Core/Src/main.c:132:5:main	144	static
../Core/Src/main.c:273:6:SystemClock_Config	88	static
../Core/Src/main.c:320:13:MX_ADC1_Init	24	static
../Core/Src/main.c:367:13:MX_ADC2_Init	24	static
../Core/Src/main.c:414:13:MX_SPI1_Init	8	static
../Core/Src/main.c:452:13:MX_SPI2_Init	8	static
../Core/Src/main.c:490:13:MX_TIM2_Init	32	static
../Core/Src/main.c:535:13:MX_TIM3_Init	64	static
../Core/Src/main.c:594:13:MX_USART2_UART_Init	8	static
../Core/Src/main.c:627:13:MX_GPIO_Init	40	static
../Core/Src/main.c:692:6:Error_Handler	4	static,ignoring_inline_asm
