../Core/Src/main.c:69:17:adc_read_channel	32	static
../Core/Src/main.c:83:7:get_temp	48	static
../Core/Src/main.c:114:5:main	88	static
../Core/Src/main.c:201:6:SystemClock_Config	88	static
../Core/Src/main.c:248:13:MX_ADC1_Init	24	static
../Core/Src/main.c:295:13:MX_ADC2_Init	24	static
../Core/Src/main.c:342:13:MX_SPI1_Init	8	static
../Core/Src/main.c:380:13:MX_TIM3_Init	64	static
../Core/Src/main.c:439:13:MX_USART2_UART_Init	8	static
../Core/Src/main.c:472:13:MX_GPIO_Init	40	static
../Core/Src/main.c:537:6:Error_Handler	4	static,ignoring_inline_asm
